// Jest Snapshot v1, https://goo.gl/fbAQLP

exports[`Header tests should render 1`] = `
Object {
  "asFragment": [Function],
  "baseElement": <body>
    <div>
      <header
        class="header"
      >
        <div
          class="logo-title-c"
        >
          <img
            alt="logo-top"
            class="logo-top"
            src="logo.png"
          />
          <h3
            class="header-title"
          >
            Space Traveler's Hub
          </h3>
        </div>
        <nav>
          <ul
            class="nav-menu"
          >
            <li>
              <a
                aria-current="page"
                class="nav-item active"
                href="/"
              >
                Rockets
              </a>
            </li>
            <li>
              <a
                class="nav-item"
                href="/missions"
              >
                Missions
              </a>
            </li>
            <li>
              <a
                class="nav-item"
                href="/myprofile"
              >
                My Profile
              </a>
            </li>
          </ul>
        </nav>
      </header>
    </div>
  </body>,
  "container": <div>
    <header
      class="header"
    >
      <div
        class="logo-title-c"
      >
        <img
          alt="logo-top"
          class="logo-top"
          src="logo.png"
        />
        <h3
          class="header-title"
        >
          Space Traveler's Hub
        </h3>
      </div>
      <nav>
        <ul
          class="nav-menu"
        >
          <li>
            <a
              aria-current="page"
              class="nav-item active"
              href="/"
            >
              Rockets
            </a>
          </li>
          <li>
            <a
              class="nav-item"
              href="/missions"
            >
              Missions
            </a>
          </li>
          <li>
            <a
              class="nav-item"
              href="/myprofile"
            >
              My Profile
            </a>
          </li>
        </ul>
      </nav>
    </header>
  </div>,
  "debug": [Function],
  "findAllByAltText": [Function],
  "findAllByDisplayValue": [Function],
  "findAllByLabelText": [Function],
  "findAllByPlaceholderText": [Function],
  "findAllByRole": [Function],
  "findAllByTestId": [Function],
  "findAllByText": [Function],
  "findAllByTitle": [Function],
  "findByAltText": [Function],
  "findByDisplayValue": [Function],
  "findByLabelText": [Function],
  "findByPlaceholderText": [Function],
  "findByRole": [Function],
  "findByTestId": [Function],
  "findByText": [Function],
  "findByTitle": [Function],
  "getAllByAltText": [Function],
  "getAllByDisplayValue": [Function],
  "getAllByLabelText": [Function],
  "getAllByPlaceholderText": [Function],
  "getAllByRole": [Function],
  "getAllByTestId": [Function],
  "getAllByText": [Function],
  "getAllByTitle": [Function],
  "getByAltText": [Function],
  "getByDisplayValue": [Function],
  "getByLabelText": [Function],
  "getByPlaceholderText": [Function],
  "getByRole": [Function],
  "getByTestId": [Function],
  "getByText": [Function],
  "getByTitle": [Function],
  "queryAllByAltText": [Function],
  "queryAllByDisplayValue": [Function],
  "queryAllByLabelText": [Function],
  "queryAllByPlaceholderText": [Function],
  "queryAllByRole": [Function],
  "queryAllByTestId": [Function],
  "queryAllByText": [Function],
  "queryAllByTitle": [Function],
  "queryByAltText": [Function],
  "queryByDisplayValue": [Function],
  "queryByLabelText": [Function],
  "queryByPlaceholderText": [Function],
  "queryByRole": [Function],
  "queryByTestId": [Function],
  "queryByText": [Function],
  "queryByTitle": [Function],
  "rerender": [Function],
  "unmount": [Function],
}
`;
